2025-04-14 19:16:09 - Using Stripe key prefix: sk_live_51...
2025-04-14 19:16:10 - Using Stripe key prefix: sk_live_51...
2025-04-14 19:16:11 - Using Stripe key prefix: sk_live_51...
2025-04-14 19:17:33 - Using Stripe key prefix: sk_live_51...
2025-04-14 19:17:35 - Using Stripe key prefix: sk_live_51...
2025-04-14 19:17:36 - Using Stripe key prefix: sk_live_51...
2025-04-14 19:17:36 - Stripe::creerIntentionPaiement - Démarrage avec montant: 1
Montant en centimes: 100
Méthodes de paiement reçues: Array
(
    [0] => card
    [1] => apple_pay
    [2] => google_pay
    [3] => link
    [4] => revolut_pay
)

2025-04-14 19:18:03 - Using Stripe key prefix: sk_live_51...
2025-04-14 19:18:05 - Using Stripe key prefix: sk_live_51...
2025-04-14 19:18:05 - Using Stripe key prefix: sk_live_51...
2025-04-14 19:18:05 - Stripe::creerIntentionPaiement - Démarrage avec montant: 1
Montant en centimes: 100
Méthodes de paiement reçues: Array
(
    [0] => card
    [1] => apple_pay
    [2] => google_pay
    [3] => link
    [4] => revolut_pay
)

2025-04-14 19:18:36 - Using Stripe key prefix: sk_live_51...
2025-04-14 19:18:38 - Using Stripe key prefix: sk_live_51...
2025-04-14 19:18:38 - Using Stripe key prefix: sk_live_51...
2025-04-14 19:18:38 - Stripe::creerIntentionPaiement - Démarrage avec montant: 1
Montant en centimes: 100
Méthodes de paiement reçues: Array
(
    [0] => card
    [1] => apple_pay
    [2] => google_pay
    [3] => link
    [4] => revolut_pay
)

2025-04-14 19:19:16 - Using Stripe key prefix: sk_live_51...
2025-04-14 19:19:18 - Using Stripe key prefix: sk_live_51...
2025-04-14 19:19:18 - Using Stripe key prefix: sk_live_51...
2025-04-14 19:19:19 - Stripe::creerIntentionPaiement - Démarrage avec montant: 1
Montant en centimes: 100
Méthodes de paiement reçues: Array
(
    [0] => card
    [3] => link
    [4] => revolut_pay
)

2025-04-14 19:21:29 - Using Stripe key prefix: sk_live_51...
2025-04-14 19:21:31 - Using Stripe key prefix: sk_live_51...
2025-04-14 19:21:32 - Using Stripe key prefix: sk_live_51...
2025-04-14 19:21:32 - Stripe::creerIntentionPaiement - Démarrage avec montant: 1
Montant en centimes: 100
Méthodes de paiement reçues: Array
(
    [0] => card
    [1] => link
    [2] => revolut_pay
)

2025-04-14 19:21:57 - Using Stripe key prefix: sk_live_51...
2025-04-14 19:21:58 - Using Stripe key prefix: sk_live_51...
2025-04-14 19:21:59 - Using Stripe key prefix: sk_live_51...
2025-04-14 19:21:59 - Stripe::creerIntentionPaiement - Démarrage avec montant: 1
Montant en centimes: 100
Méthodes de paiement reçues: Array
(
    [0] => card
    [1] => link
    [2] => revolut_pay
)

2025-04-14 19:23:21 - Using Stripe key prefix: sk_live_51...
2025-04-14 19:23:22 - Using Stripe key prefix: sk_live_51...
2025-04-14 19:23:22 - Using Stripe key prefix: sk_live_51...
2025-04-14 19:23:23 - Stripe::creerIntentionPaiement - Démarrage avec montant: 1
Montant en centimes: 100
Méthodes de paiement reçues: Array
(
    [0] => card
    [1] => link
    [2] => revolut_pay
)

2025-04-14 19:23:52 - Using Stripe key prefix: sk_live_51...
2025-04-14 19:24:02 - Using Stripe key prefix: sk_live_51...
2025-04-14 19:24:51 - Using Stripe key prefix: sk_live_51...
2025-04-14 19:25:18 - Using Stripe key prefix: sk_live_51...
2025-04-14 19:26:24 - Using Stripe key prefix: sk_live_51...
2025-04-14 19:26:29 - Using Stripe key prefix: sk_live_51...
2025-04-14 19:27:06 - Using Stripe key prefix: sk_live_51...
2025-04-14 19:27:07 - Using Stripe key prefix: sk_live_51...
2025-04-14 19:27:08 - Using Stripe key prefix: sk_live_51...
2025-04-14 19:27:08 - Stripe::creerIntentionPaiement - Démarrage avec montant: 1
Montant en centimes: 100
Méthodes de paiement reçues: Array
(
    [0] => card
    [1] => link
    [2] => revolut_pay
)

2025-04-15 06:46:26 - Using Stripe key prefix: sk_live_51...
2025-04-15 06:46:27 - Using Stripe key prefix: sk_live_51...
2025-04-15 06:46:27 - Using Stripe key prefix: sk_live_51...
2025-04-15 06:46:27 - Stripe::creerIntentionPaiement - Démarrage avec montant: 3946.99
Montant en centimes: 394699
Méthodes de paiement reçues: Array
(
    [0] => card
    [1] => link
    [2] => revolut_pay
)

2025-04-15 09:24:11 - Using Stripe key prefix: sk_live_51...
2025-04-15 09:24:12 - Using Stripe key prefix: sk_live_51...
2025-04-15 09:24:13 - Using Stripe key prefix: sk_live_51...
2025-04-15 09:24:13 - Stripe::creerIntentionPaiement - Démarrage avec montant: 1
Montant en centimes: 100
Méthodes de paiement reçues: Array
(
    [0] => card
    [1] => link
    [2] => revolut_pay
)

2025-04-15 09:31:33 - Using Stripe key prefix: sk_live_51...
2025-04-15 09:31:34 - Using Stripe key prefix: sk_live_51...
2025-04-15 09:31:35 - Using Stripe key prefix: sk_live_51...
2025-04-15 09:31:35 - Stripe::creerIntentionPaiement - Démarrage avec montant: 5.2
Montant en centimes: 520
Méthodes de paiement reçues: Array
(
    [0] => card
    [1] => link
    [2] => revolut_pay
)

2025-04-15 09:31:57 - Using Stripe key prefix: sk_live_51...
2025-04-15 09:31:58 - Using Stripe key prefix: sk_live_51...
2025-04-15 09:31:58 - Using Stripe key prefix: sk_live_51...
2025-04-15 09:31:58 - Stripe::creerIntentionPaiement - Démarrage avec montant: 5.2
Montant en centimes: 520
Méthodes de paiement reçues: Array
(
    [0] => card
    [1] => link
    [2] => revolut_pay
)

2025-04-15 09:39:23 - Using Stripe key prefix: sk_live_51...
2025-04-15 09:39:25 - Using Stripe key prefix: sk_live_51...
2025-04-15 09:39:25 - Using Stripe key prefix: sk_live_51...
2025-04-15 09:39:25 - Stripe::creerIntentionPaiement - Démarrage avec montant: 5.2
Montant en centimes: 520
Méthodes de paiement reçues: Array
(
    [0] => card
    [1] => link
    [2] => revolut_pay
)

2025-04-15 09:42:33 - Using Stripe key prefix: sk_live_51...
2025-04-15 09:42:35 - Using Stripe key prefix: sk_live_51...
2025-04-15 09:42:35 - Using Stripe key prefix: sk_live_51...
2025-04-15 09:42:35 - Stripe::creerIntentionPaiement - Démarrage avec montant: 5.2
Montant en centimes: 520
Méthodes de paiement reçues: Array
(
    [0] => card
    [1] => link
    [2] => revolut_pay
)

2025-04-15 09:42:53 - Using Stripe key prefix: sk_live_51...
2025-04-15 09:42:55 - Using Stripe key prefix: sk_live_51...
2025-04-15 09:42:55 - Using Stripe key prefix: sk_live_51...
2025-04-15 09:42:56 - Stripe::creerIntentionPaiement - Démarrage avec montant: 5.2
Montant en centimes: 520
Méthodes de paiement reçues: Array
(
    [0] => card
    [1] => link
    [2] => revolut_pay
)

2025-04-15 09:44:06 - Using Stripe key prefix: sk_live_51...
2025-04-15 09:44:08 - Using Stripe key prefix: sk_live_51...
2025-04-15 09:44:09 - Using Stripe key prefix: sk_live_51...
2025-04-15 09:44:09 - Stripe::creerIntentionPaiement - Démarrage avec montant: 5.2
Montant en centimes: 520
Méthodes de paiement reçues: Array
(
    [0] => card
    [1] => link
    [2] => revolut_pay
)

2025-04-15 09:45:42 - Using Stripe key prefix: sk_live_51...
2025-04-15 09:45:44 - Using Stripe key prefix: sk_live_51...
2025-04-15 09:45:44 - Using Stripe key prefix: sk_live_51...
2025-04-15 09:45:45 - Stripe::creerIntentionPaiement - Démarrage avec montant: 1024.8
Montant en centimes: 102480
Méthodes de paiement reçues: Array
(
    [0] => card
    [1] => link
    [2] => revolut_pay
)

2025-04-15 09:52:35 - Using Stripe key prefix: sk_live_51...
2025-04-15 09:52:42 - Using Stripe key prefix: sk_live_51...
2025-04-15 09:54:23 - Using Stripe key prefix: sk_live_51...
2025-04-15 09:54:26 - Using Stripe key prefix: sk_live_51...
2025-04-15 09:55:20 - Using Stripe key prefix: sk_live_51...
2025-04-15 09:55:23 - Using Stripe key prefix: sk_live_51...
2025-04-15 09:57:41 - Using Stripe key prefix: sk_live_51...
2025-04-15 09:57:44 - Using Stripe key prefix: sk_live_51...
2025-04-15 09:58:02 - Using Stripe key prefix: sk_live_51...
2025-04-15 09:58:04 - Using Stripe key prefix: sk_live_51...
2025-04-15 09:58:18 - Using Stripe key prefix: sk_live_51...
2025-04-15 09:58:21 - Using Stripe key prefix: sk_live_51...
2025-04-15 09:58:47 - Using Stripe key prefix: sk_live_51...
2025-04-15 09:58:49 - Using Stripe key prefix: sk_live_51...
2025-04-15 10:09:20 - Using Stripe key prefix: sk_live_51...
2025-04-15 10:09:24 - Using Stripe key prefix: sk_live_51...
2025-04-15 10:22:10 - Using Stripe key prefix: sk_live_51...
2025-04-15 10:25:19 - Using Stripe key prefix: sk_live_51...
2025-04-15 10:25:28 - Using Stripe key prefix: sk_live_51...
2025-04-15 11:12:13 - Using Stripe key prefix: sk_live_51...
2025-04-15 11:12:15 - Using Stripe key prefix: sk_live_51...
2025-04-15 11:18:29 - Using Stripe key prefix: sk_live_51...
2025-04-15 11:18:31 - Using Stripe key prefix: sk_live_51...
2025-04-15 11:27:38 - Using Stripe key prefix: sk_live_51...
2025-04-15 11:27:40 - Using Stripe key prefix: sk_live_51...
2025-04-15 11:39:37 - Using Stripe key prefix: sk_live_51...
2025-04-15 11:39:42 - Using Stripe key prefix: sk_live_51...
2025-04-15 11:49:01 - Using Stripe key prefix: sk_live_51...
2025-04-15 11:49:07 - Using Stripe key prefix: sk_live_51...
2025-04-15 12:04:00 - Using Stripe key prefix: sk_live_51...
2025-04-15 12:04:04 - Using Stripe key prefix: sk_live_51...
2025-04-15 12:08:37 - Using Stripe key prefix: sk_live_51...
2025-04-15 12:08:41 - Using Stripe key prefix: sk_live_51...
2025-04-15 12:09:41 - Using Stripe key prefix: sk_live_51...
2025-04-15 12:09:44 - Using Stripe key prefix: sk_live_51...
2025-04-15 12:22:09 - Using Stripe key prefix: sk_live_51...
2025-04-15 15:32:06 - Using Stripe key prefix: sk_live_51...
2025-04-15 15:40:09 - Using Stripe key prefix: sk_live_51...
2025-04-15 15:40:12 - Using Stripe key prefix: sk_live_51...
2025-04-15 15:49:14 - Using Stripe key prefix: sk_live_51...
2025-04-15 15:49:17 - Using Stripe key prefix: sk_live_51...
2025-04-15 15:50:37 - Using Stripe key prefix: sk_live_51...
2025-04-15 15:50:41 - Using Stripe key prefix: sk_live_51...
2025-04-15 15:51:08 - Using Stripe key prefix: sk_live_51...
2025-04-15 15:51:12 - Using Stripe key prefix: sk_live_51...
2025-04-15 15:51:36 - Using Stripe key prefix: sk_live_51...
2025-04-15 15:51:40 - Using Stripe key prefix: sk_live_51...
2025-04-15 16:01:09 - Using Stripe key prefix: sk_live_51...
2025-04-15 16:01:12 - Using Stripe key prefix: sk_live_51...
2025-04-18 17:43:06 - Using Stripe key prefix: sk_live_51...
2025-04-18 17:43:08 - Using Stripe key prefix: sk_live_51...
2025-04-18 18:03:05 - Using Stripe key prefix: sk_live_51...
2025-04-18 18:03:07 - Using Stripe key prefix: sk_live_51...
2025-04-18 18:06:25 - Using Stripe key prefix: sk_live_51...
2025-04-18 18:06:28 - Using Stripe key prefix: sk_live_51...
2025-04-18 18:08:09 - Using Stripe key prefix: sk_live_51...
2025-04-18 18:08:12 - Using Stripe key prefix: sk_live_51...
2025-04-18 18:08:46 - Using Stripe key prefix: sk_live_51...
2025-04-18 18:08:49 - Using Stripe key prefix: sk_live_51...
2025-04-18 18:11:37 - Using Stripe key prefix: sk_live_51...
2025-04-18 18:11:40 - Using Stripe key prefix: sk_live_51...
2025-04-18 18:14:31 - Using Stripe key prefix: sk_live_51...
2025-04-18 18:14:34 - Using Stripe key prefix: sk_live_51...
2025-04-18 18:15:01 - Using Stripe key prefix: sk_live_51...
2025-04-18 18:15:04 - Using Stripe key prefix: sk_live_51...
2025-04-18 18:15:40 - Using Stripe key prefix: sk_live_51...
2025-04-18 18:15:40 - Using Stripe key prefix: sk_live_51...
2025-04-18 18:15:43 - Using Stripe key prefix: sk_live_51...
2025-04-18 18:36:44 - Using Stripe key prefix: sk_live_51...
2025-04-18 18:36:47 - Using Stripe key prefix: sk_live_51...
2025-04-18 18:36:54 - Using Stripe key prefix: sk_live_51...
2025-04-18 18:36:57 - Using Stripe key prefix: sk_live_51...
2025-04-18 18:36:57 - Using Stripe key prefix: sk_live_51...
2025-04-18 18:37:00 - Using Stripe key prefix: sk_live_51...
2025-04-18 18:37:03 - Using Stripe key prefix: sk_live_51...
2025-04-18 18:37:06 - Using Stripe key prefix: sk_live_51...
2025-04-18 18:46:20 - Using Stripe key prefix: sk_live_51...
2025-04-18 18:46:22 - Using Stripe key prefix: sk_live_51...
2025-04-18 18:47:51 - Using Stripe key prefix: sk_live_51...
2025-04-18 18:47:54 - Using Stripe key prefix: sk_live_51...
2025-04-18 18:48:13 - Using Stripe key prefix: sk_live_51...
2025-04-18 18:48:16 - Using Stripe key prefix: sk_live_51...
2025-04-18 18:48:42 - Using Stripe key prefix: sk_live_51...
2025-04-18 18:48:45 - Using Stripe key prefix: sk_live_51...
2025-04-18 19:07:44 - Using Stripe key prefix: sk_live_51...
2025-04-18 19:07:47 - Using Stripe key prefix: sk_live_51...
2025-04-18 19:13:49 - Using Stripe key prefix: sk_live_51...
2025-04-18 19:13:49 - Stripe::creerIntentionPaiement - Démarrage avec montant: 1
Montant en centimes: 100
Méthodes de paiement reçues: Array
(
    [0] => card
    [1] => link
)

2025-04-18 19:18:41 - Using Stripe key prefix: sk_live_51...
2025-04-18 19:18:44 - Using Stripe key prefix: sk_live_51...
2025-04-18 19:19:13 - Using Stripe key prefix: sk_live_51...
2025-04-18 19:19:13 - Stripe::creerIntentionPaiement - Démarrage avec montant: 1
Montant en centimes: 100
Définition des méthodes de paiement par défaut
Méthodes de paiement reçues: Array
(
    [0] => card
    [1] => link
    [2] => revolut_pay
)

2025-04-18 19:20:55 - Using Stripe key prefix: sk_live_51...
2025-04-18 19:20:55 - Stripe::creerIntentionPaiement - Démarrage avec montant: 1
Montant en centimes: 100
Définition des méthodes de paiement par défaut
Méthodes de paiement reçues: Array
(
    [0] => card
    [1] => link
    [2] => revolut_pay
)

2025-04-29 11:24:55 - Using Stripe key prefix: sk_live_51...
2025-04-29 11:24:57 - Using Stripe key prefix: sk_live_51...
2025-04-29 11:24:58 - Using Stripe key prefix: sk_live_51...
2025-04-29 11:24:58 - Payment intent creation attempt
POST data: Array
(
    [payment_methods] => Array
        (
            [0] => card
            [1] => link
            [2] => revolut_pay
        )

)

Panier: Array
(
    [produits] => Array
        (
            [0] => Array
                (
                    [id] => 23
                    [nom] => Télévision 4K Smart 55"
                    [prix] => 799.00
                    [quantite] => 1
                    [total_produit] => 799
                    [image_url] => /public/images/tv.PNG
                )

        )

    [total] => 799
    [nombre_articles] => 1
    [pays_livraison] => France
    [frais_livraison] => 0
    [tva] => 159.8
    [methode_livraison] => domicile
    [point_relais_id] => 
    [point_relais_nom] => 
    [point_relais_adresse] => 
    [bureau_poste_id] => 
    [magasin_id] => 
    [instructions_livraison] => 
)

Payment methods: Array
(
    [0] => card
    [1] => link
    [2] => revolut_pay
)

2025-04-29 11:24:58 - Stripe::creerIntentionPaiement - Démarrage avec montant: 958.8
Montant en centimes: 95880
Méthodes de paiement reçues: Array
(
    [0] => card
    [1] => link
    [2] => revolut_pay
)

Payment intent result: Array
(
    [success] => 1
    [client_secret] => pi_3RJCHXG7RjirpzdI0sNMhtuP_secret_Gyb4F6JwZHOtk2xIpCfJxATLw
    [payment_intent_id] => pi_3RJCHXG7RjirpzdI0sNMhtuP
)

2025-04-29 11:25:31 - Using Stripe key prefix: sk_live_51...
2025-04-29 11:25:31 - Using Stripe key prefix: sk_live_51...
2025-04-29 11:25:32 - Using Stripe key prefix: sk_live_51...
2025-04-29 11:25:32 - Payment intent creation attempt
POST data: Array
(
    [payment_methods] => Array
        (
            [0] => card
            [1] => link
            [2] => revolut_pay
        )

)

Panier: Array
(
    [produits] => Array
        (
            [0] => Array
                (
                    [id] => 23
                    [nom] => Télévision 4K Smart 55"
                    [prix] => 799.00
                    [quantite] => 1
                    [total_produit] => 799
                    [image_url] => /public/images/tv.PNG
                )

        )

    [total] => 799
    [nombre_articles] => 1
    [pays_livraison] => International
    [frais_livraison] => 0
    [tva] => 159.8
    [methode_livraison] => domicile
    [point_relais_id] => 
    [point_relais_nom] => 
    [point_relais_adresse] => 
    [bureau_poste_id] => 
    [magasin_id] => 
    [instructions_livraison] => 
)

Payment methods: Array
(
    [0] => card
    [1] => link
    [2] => revolut_pay
)

2025-04-29 11:25:32 - Stripe::creerIntentionPaiement - Démarrage avec montant: 958.8
Montant en centimes: 95880
Méthodes de paiement reçues: Array
(
    [0] => card
    [1] => link
    [2] => revolut_pay
)

Payment intent result: Array
(
    [success] => 1
    [client_secret] => pi_3RJCI5G7RjirpzdI12ZCn5jH_secret_JBs6k8kP2oV4pxdjsaX0zm3Cw
    [payment_intent_id] => pi_3RJCI5G7RjirpzdI12ZCn5jH
)

2025-04-29 11:25:59 - Using Stripe key prefix: sk_live_51...
2025-04-29 11:26:00 - Using Stripe key prefix: sk_live_51...
2025-04-29 11:26:01 - Using Stripe key prefix: sk_live_51...
2025-04-29 11:26:01 - Payment intent creation attempt
POST data: Array
(
    [payment_methods] => Array
        (
            [0] => card
            [1] => link
            [2] => revolut_pay
        )

)

Panier: Array
(
    [produits] => Array
        (
            [0] => Array
                (
                    [id] => 23
                    [nom] => Télévision 4K Smart 55"
                    [prix] => 799.00
                    [quantite] => 1
                    [total_produit] => 799
                    [image_url] => /public/images/tv.PNG
                )

        )

    [total] => 799
    [nombre_articles] => 1
    [pays_livraison] => International
    [frais_livraison] => 0
    [tva] => 159.8
    [methode_livraison] => domicile
    [point_relais_id] => 
    [point_relais_nom] => 
    [point_relais_adresse] => 
    [bureau_poste_id] => 
    [magasin_id] => 
    [instructions_livraison] => 
)

Payment methods: Array
(
    [0] => card
    [1] => link
    [2] => revolut_pay
)

2025-04-29 11:26:01 - Stripe::creerIntentionPaiement - Démarrage avec montant: 958.8
Montant en centimes: 95880
Méthodes de paiement reçues: Array
(
    [0] => card
    [1] => link
    [2] => revolut_pay
)

Payment intent result: Array
(
    [success] => 1
    [client_secret] => pi_3RJCIXG7RjirpzdI0DMcg9WV_secret_fakq052eTRf1cJk5p8sj3Y4no
    [payment_intent_id] => pi_3RJCIXG7RjirpzdI0DMcg9WV
)

2025-04-29 11:34:19 - Using Stripe key prefix: sk_live_51...
2025-04-29 11:34:21 - Using Stripe key prefix: sk_live_51...
2025-04-29 11:34:21 - Using Stripe key prefix: sk_live_51...
2025-04-29 11:34:21 - Payment intent creation attempt
POST data: Array
(
    [payment_methods] => Array
        (
            [0] => card
            [1] => link
            [2] => revolut_pay
        )

)

Panier: Array
(
    [produits] => Array
        (
            [0] => Array
                (
                    [id] => 27
                    [nom] => Montre Connectée Sport
                    [prix] => 1.00
                    [quantite] => 1
                    [total_produit] => 1
                    [image_url] => /public/images/composants.PNG
                )

        )

    [total] => 1
    [nombre_articles] => 1
    [pays_livraison] => France
    [frais_livraison] => 4
    [tva] => 0.2
    [methode_livraison] => domicile
    [point_relais_id] => 
    [point_relais_nom] => 
    [point_relais_adresse] => 
    [bureau_poste_id] => 
    [magasin_id] => 
    [instructions_livraison] => 
)

Payment methods: Array
(
    [0] => card
    [1] => link
    [2] => revolut_pay
)

2025-04-29 11:34:21 - Stripe::creerIntentionPaiement - Démarrage avec montant: 5.2
Montant en centimes: 520
Méthodes de paiement reçues: Array
(
    [0] => card
    [1] => link
    [2] => revolut_pay
)

Payment intent result: Array
(
    [success] => 1
    [client_secret] => pi_3RJCQcG7RjirpzdI0OE2Ld6x_secret_WFtz3MDvPZCbfvG4lIilrAwwB
    [payment_intent_id] => pi_3RJCQcG7RjirpzdI0OE2Ld6x
)

2025-04-29 11:35:01 - Using Stripe key prefix: sk_live_51...
2025-04-29 11:35:02 - Using Stripe key prefix: sk_live_51...
2025-04-29 11:35:03 - Using Stripe key prefix: sk_live_51...
2025-04-29 11:35:03 - Payment intent creation attempt
POST data: Array
(
    [payment_methods] => Array
        (
            [0] => card
            [1] => link
            [2] => revolut_pay
        )

)

Panier: Array
(
    [produits] => Array
        (
            [0] => Array
                (
                    [id] => 27
                    [nom] => Montre Connectée Sport
                    [prix] => 1.00
                    [quantite] => 1
                    [total_produit] => 1
                    [image_url] => /public/images/composants.PNG
                )

        )

    [total] => 1
    [nombre_articles] => 1
    [pays_livraison] => France
    [frais_livraison] => 4
    [tva] => 0.2
    [methode_livraison] => domicile
    [point_relais_id] => 
    [point_relais_nom] => 
    [point_relais_adresse] => 
    [bureau_poste_id] => 
    [magasin_id] => 
    [instructions_livraison] => 
)

Payment methods: Array
(
    [0] => card
    [1] => link
    [2] => revolut_pay
)

2025-04-29 11:35:03 - Stripe::creerIntentionPaiement - Démarrage avec montant: 5.2
Montant en centimes: 520
Méthodes de paiement reçues: Array
(
    [0] => card
    [1] => link
    [2] => revolut_pay
)

Payment intent result: Array
(
    [success] => 1
    [client_secret] => pi_3RJCRHG7RjirpzdI0cDJIzwi_secret_P8uOQV85F4xM1mNR3LShhnGWp
    [payment_intent_id] => pi_3RJCRHG7RjirpzdI0cDJIzwi
)

2025-04-29 15:15:40 - Using Stripe key prefix: sk_live_51...
2025-04-29 15:15:42 - Using Stripe key prefix: sk_live_51...
2025-04-29 15:15:42 - Using Stripe key prefix: sk_live_51...
2025-04-29 15:15:42 - Payment intent creation attempt
POST data: Array
(
    [payment_methods] => Array
        (
            [0] => card
            [1] => link
            [2] => revolut_pay
        )

)

Panier: Array
(
    [produits] => Array
        (
            [0] => Array
                (
                    [id] => 27
                    [nom] => Montre Connectée Sport
                    [prix] => 1.00
                    [quantite] => 1
                    [total_produit] => 1
                    [image_url] => /public/images/composants.PNG
                )

            [1] => Array
                (
                    [id] => 24
                    [nom] => Écouteurs Sans Fil Bluetooth
                    [prix] => 129.00
                    [quantite] => 1
                    [total_produit] => 129
                    [image_url] => /public/images/casque.png
                )

            [2] => Array
                (
                    [id] => 22
                    [nom] => Smartphone Premium X12
                    [prix] => 849.00
                    [quantite] => 1
                    [total_produit] => 849
                    [image_url] => /public/images/smartphones.PNG
                )

            [3] => Array
                (
                    [id] => 21
                    [nom] => Laptop Gaming Pro
                    [prix] => 1299.00
                    [quantite] => 2
                    [total_produit] => 2598
                    [image_url] => /public/images/pc.PNG
                )

            [4] => Array
                (
                    [id] => 23
                    [nom] => Télévision 4K Smart 55"
                    [prix] => 799.00
                    [quantite] => 1
                    [total_produit] => 799
                    [image_url] => /public/images/tv.PNG
                )

        )

    [total] => 4376
    [nombre_articles] => 6
    [pays_livraison] => France
    [frais_livraison] => 0
    [tva] => 875.2
    [methode_livraison] => domicile
    [point_relais_id] => 
    [point_relais_nom] => 
    [point_relais_adresse] => 
    [bureau_poste_id] => 
    [magasin_id] => 
    [instructions_livraison] => 
)

Payment methods: Array
(
    [0] => card
    [1] => link
    [2] => revolut_pay
)

2025-04-29 15:15:43 - Stripe::creerIntentionPaiement - Démarrage avec montant: 5251.2
Montant en centimes: 525120
Méthodes de paiement reçues: Array
(
    [0] => card
    [1] => link
    [2] => revolut_pay
)

Payment intent result: Array
(
    [success] => 1
    [client_secret] => pi_3RJFspG7RjirpzdI0MAFbLwE_secret_oJeZCFObv6cJieT1WyXn5vlZ1
    [payment_intent_id] => pi_3RJFspG7RjirpzdI0MAFbLwE
)

2025-04-29 15:16:04 - Using Stripe key prefix: sk_live_51...
2025-04-29 15:16:05 - Using Stripe key prefix: sk_live_51...
2025-04-29 15:16:05 - Using Stripe key prefix: sk_live_51...
2025-04-29 15:16:05 - Payment intent creation attempt
POST data: Array
(
    [payment_methods] => Array
        (
            [0] => card
            [1] => link
            [2] => revolut_pay
        )

)

Panier: Array
(
    [produits] => Array
        (
            [0] => Array
                (
                    [id] => 27
                    [nom] => Montre Connectée Sport
                    [prix] => 1.00
                    [quantite] => 1
                    [total_produit] => 1
                    [image_url] => /public/images/composants.PNG
                )

        )

    [total] => 1
    [nombre_articles] => 1
    [pays_livraison] => France
    [frais_livraison] => 4
    [tva] => 0.2
    [methode_livraison] => domicile
    [point_relais_id] => 
    [point_relais_nom] => 
    [point_relais_adresse] => 
    [bureau_poste_id] => 
    [magasin_id] => 
    [instructions_livraison] => 
)

Payment methods: Array
(
    [0] => card
    [1] => link
    [2] => revolut_pay
)

2025-04-29 15:16:05 - Stripe::creerIntentionPaiement - Démarrage avec montant: 5.2
Montant en centimes: 520
Méthodes de paiement reçues: Array
(
    [0] => card
    [1] => link
    [2] => revolut_pay
)

Payment intent result: Array
(
    [success] => 1
    [client_secret] => pi_3RJFtCG7RjirpzdI0yaj2VN5_secret_H8P2rbwthQZuDEIHCGuFwNete
    [payment_intent_id] => pi_3RJFtCG7RjirpzdI0yaj2VN5
)

2025-04-29 15:16:43 - Using Stripe key prefix: sk_live_51...
2025-04-29 15:16:44 - Using Stripe key prefix: sk_live_51...
2025-04-29 15:16:45 - Using Stripe key prefix: sk_live_51...
2025-04-29 15:16:45 - Payment intent creation attempt
POST data: Array
(
    [payment_methods] => Array
        (
            [0] => card
            [1] => link
            [2] => revolut_pay
        )

)

Panier: Array
(
    [produits] => Array
        (
            [0] => Array
                (
                    [id] => 27
                    [nom] => Montre Connectée Sport
                    [prix] => 1.00
                    [quantite] => 1
                    [total_produit] => 1
                    [image_url] => /public/images/composants.PNG
                )

        )

    [total] => 1
    [nombre_articles] => 1
    [pays_livraison] => France
    [frais_livraison] => 4
    [tva] => 0.2
    [methode_livraison] => domicile
    [point_relais_id] => 
    [point_relais_nom] => 
    [point_relais_adresse] => 
    [bureau_poste_id] => 
    [magasin_id] => 
    [instructions_livraison] => 
)

Payment methods: Array
(
    [0] => card
    [1] => link
    [2] => revolut_pay
)

2025-04-29 15:16:45 - Stripe::creerIntentionPaiement - Démarrage avec montant: 5.2
Montant en centimes: 520
Méthodes de paiement reçues: Array
(
    [0] => card
    [1] => link
    [2] => revolut_pay
)

Payment intent result: Array
(
    [success] => 1
    [client_secret] => pi_3RJFtpG7RjirpzdI0kZupfqf_secret_QRHPSTQxxiUQ3zHhvBF3wJj2g
    [payment_intent_id] => pi_3RJFtpG7RjirpzdI0kZupfqf
)

2025-04-29 15:23:55 - Using Stripe key prefix: sk_live_51...
2025-04-29 15:23:56 - Using Stripe key prefix: sk_live_51...
2025-04-29 15:23:57 - Using Stripe key prefix: sk_live_51...
2025-04-29 15:23:57 - Payment intent creation attempt
POST data: Array
(
    [payment_methods] => Array
        (
            [0] => card
            [1] => link
            [2] => revolut_pay
        )

)

Panier: Array
(
    [produits] => Array
        (
            [0] => Array
                (
                    [id] => 27
                    [nom] => Montre Connectée Sport
                    [prix] => 1.00
                    [quantite] => 1
                    [total_produit] => 1
                    [image_url] => /public/images/composants.PNG
                )

        )

    [total] => 1
    [nombre_articles] => 1
    [pays_livraison] => France
    [frais_livraison] => 4
    [tva] => 0.2
    [methode_livraison] => domicile
    [point_relais_id] => 
    [point_relais_nom] => 
    [point_relais_adresse] => 
    [bureau_poste_id] => 
    [magasin_id] => 
    [instructions_livraison] => 
)

Payment methods: Array
(
    [0] => card
    [1] => link
    [2] => revolut_pay
)

2025-04-29 15:23:57 - Stripe::creerIntentionPaiement - Démarrage avec montant: 5.2
Montant en centimes: 520
Méthodes de paiement reçues: Array
(
    [0] => card
    [1] => link
    [2] => revolut_pay
)

Payment intent result: Array
(
    [success] => 1
    [client_secret] => pi_3RJG0oG7RjirpzdI1nRSAAJg_secret_iqDpZORsULtC1sb5ubMpkm8aI
    [payment_intent_id] => pi_3RJG0oG7RjirpzdI1nRSAAJg
)

2025-04-29 15:24:08 - Using Stripe key prefix: sk_live_51...
2025-04-29 15:24:09 - Using Stripe key prefix: sk_live_51...
2025-04-29 15:24:09 - Using Stripe key prefix: sk_live_51...
2025-04-29 15:24:09 - Payment intent creation attempt
POST data: Array
(
    [payment_methods] => Array
        (
            [0] => card
            [1] => link
            [2] => revolut_pay
        )

)

Panier: Array
(
    [produits] => Array
        (
            [0] => Array
                (
                    [id] => 27
                    [nom] => Montre Connectée Sport
                    [prix] => 1.00
                    [quantite] => 1
                    [total_produit] => 1
                    [image_url] => /public/images/composants.PNG
                )

        )

    [total] => 1
    [nombre_articles] => 1
    [pays_livraison] => France
    [frais_livraison] => 4
    [tva] => 0.2
    [methode_livraison] => domicile
    [point_relais_id] => 
    [point_relais_nom] => 
    [point_relais_adresse] => 
    [bureau_poste_id] => 
    [magasin_id] => 
    [instructions_livraison] => 
)

Payment methods: Array
(
    [0] => card
    [1] => link
    [2] => revolut_pay
)

2025-04-29 15:24:09 - Stripe::creerIntentionPaiement - Démarrage avec montant: 5.2
Montant en centimes: 520
Méthodes de paiement reçues: Array
(
    [0] => card
    [1] => link
    [2] => revolut_pay
)

Payment intent result: Array
(
    [success] => 1
    [client_secret] => pi_3RJG10G7RjirpzdI0fOgFJLF_secret_E7lI9ODFSJNooGE1E4QP5Yp8i
    [payment_intent_id] => pi_3RJG10G7RjirpzdI0fOgFJLF
)

2025-04-29 15:26:30 - Using Stripe key prefix: sk_live_51...
2025-04-29 15:26:30 - Using Stripe key prefix: sk_live_51...
2025-04-29 15:26:31 - Using Stripe key prefix: sk_live_51...
2025-04-29 15:26:31 - Payment intent creation attempt
POST data: Array
(
    [payment_methods] => Array
        (
            [0] => card
            [1] => link
            [2] => revolut_pay
        )

)

Panier: Array
(
    [produits] => Array
        (
            [0] => Array
                (
                    [id] => 27
                    [nom] => Montre Connectée Sport
                    [prix] => 1.00
                    [quantite] => 1
                    [total_produit] => 1
                    [image_url] => /public/images/composants.PNG
                )

        )

    [total] => 1
    [nombre_articles] => 1
    [pays_livraison] => France
    [frais_livraison] => 0
    [tva] => 0.2
    [methode_livraison] => domicile
    [point_relais_id] => 
    [point_relais_nom] => 
    [point_relais_adresse] => 
    [bureau_poste_id] => 
    [magasin_id] => 
    [instructions_livraison] => 
)

Payment methods: Array
(
    [0] => card
    [1] => link
    [2] => revolut_pay
)

2025-04-29 15:26:31 - Stripe::creerIntentionPaiement - Démarrage avec montant: 1.2
Montant en centimes: 120
Méthodes de paiement reçues: Array
(
    [0] => card
    [1] => link
    [2] => revolut_pay
)

Payment intent result: Array
(
    [success] => 1
    [client_secret] => pi_3RJG3HG7RjirpzdI0H6dPdZq_secret_ZD1tX3X48pqrhSsrh0dIpDnBq
    [payment_intent_id] => pi_3RJG3HG7RjirpzdI0H6dPdZq
)

2025-04-29 15:26:39 - Using Stripe key prefix: sk_live_51...
2025-04-29 15:26:39 - Using Stripe key prefix: sk_live_51...
2025-04-29 15:26:40 - Using Stripe key prefix: sk_live_51...
2025-04-29 15:26:40 - Payment intent creation attempt
POST data: Array
(
    [payment_methods] => Array
        (
            [0] => card
            [1] => link
            [2] => revolut_pay
        )

)

Panier: Array
(
    [produits] => Array
        (
            [0] => Array
                (
                    [id] => 27
                    [nom] => Montre Connectée Sport
                    [prix] => 1.00
                    [quantite] => 1
                    [total_produit] => 1
                    [image_url] => /public/images/composants.PNG
                )

        )

    [total] => 1
    [nombre_articles] => 1
    [pays_livraison] => France
    [frais_livraison] => 0
    [tva] => 0.2
    [methode_livraison] => domicile
    [point_relais_id] => 
    [point_relais_nom] => 
    [point_relais_adresse] => 
    [bureau_poste_id] => 
    [magasin_id] => 
    [instructions_livraison] => 
)

Payment methods: Array
(
    [0] => card
    [1] => link
    [2] => revolut_pay
)

2025-04-29 15:26:40 - Stripe::creerIntentionPaiement - Démarrage avec montant: 1.2
Montant en centimes: 120
Méthodes de paiement reçues: Array
(
    [0] => card
    [1] => link
    [2] => revolut_pay
)

Payment intent result: Array
(
    [success] => 1
    [client_secret] => pi_3RJG3QG7RjirpzdI1jyETk3J_secret_TpLV1YsBceystUaiaTG4kMSWg
    [payment_intent_id] => pi_3RJG3QG7RjirpzdI1jyETk3J
)

2025-04-29 15:37:16 - Using Stripe key prefix: sk_live_51...
2025-04-29 15:37:17 - Using Stripe key prefix: sk_live_51...
2025-04-29 15:37:18 - Using Stripe key prefix: sk_live_51...
2025-04-29 15:37:18 - Payment intent creation attempt
POST data: Array
(
    [payment_methods] => Array
        (
            [0] => card
            [1] => link
            [2] => revolut_pay
        )

)

Panier: Array
(
    [produits] => Array
        (
            [0] => Array
                (
                    [id] => 27
                    [nom] => Montre Connectée Sport
                    [prix] => 1.00
                    [quantite] => 1
                    [total_produit] => 1
                    [image_url] => /public/images/composants.PNG
                )

        )

    [total] => 1
    [nombre_articles] => 1
    [pays_livraison] => France
    [frais_livraison] => 0
    [tva] => 0.2
    [methode_livraison] => domicile
    [point_relais_id] => 
    [point_relais_nom] => 
    [point_relais_adresse] => 
    [bureau_poste_id] => 
    [magasin_id] => 
    [instructions_livraison] => 
)

Payment methods: Array
(
    [0] => card
    [1] => link
    [2] => revolut_pay
)

2025-04-29 15:37:18 - Stripe::creerIntentionPaiement - Démarrage avec montant: 1.2
Montant en centimes: 120
Méthodes de paiement reçues: Array
(
    [0] => card
    [1] => link
    [2] => revolut_pay
)

Payment intent result: Array
(
    [success] => 1
    [client_secret] => pi_3RJGDiG7RjirpzdI1aDEhkJq_secret_AYXBpO3TprlUbDiF0mhHr5zND
    [payment_intent_id] => pi_3RJGDiG7RjirpzdI1aDEhkJq
)

2025-04-29 15:37:33 - Using Stripe key prefix: sk_live_51...
2025-04-29 15:37:33 - Using Stripe key prefix: sk_live_51...
2025-04-29 15:37:34 - Using Stripe key prefix: sk_live_51...
2025-04-29 15:37:34 - Payment intent creation attempt
POST data: Array
(
    [payment_methods] => Array
        (
            [0] => card
            [1] => link
            [2] => revolut_pay
        )

)

Panier: Array
(
    [produits] => Array
        (
            [0] => Array
                (
                    [id] => 27
                    [nom] => Montre Connectée Sport
                    [prix] => 1.00
                    [quantite] => 1
                    [total_produit] => 1
                    [image_url] => /public/images/composants.PNG
                )

        )

    [total] => 1
    [nombre_articles] => 1
    [pays_livraison] => France
    [frais_livraison] => 0
    [tva] => 0.2
    [methode_livraison] => domicile
    [point_relais_id] => 
    [point_relais_nom] => 
    [point_relais_adresse] => 
    [bureau_poste_id] => 
    [magasin_id] => 
    [instructions_livraison] => 
)

Payment methods: Array
(
    [0] => card
    [1] => link
    [2] => revolut_pay
)

2025-04-29 15:37:34 - Stripe::creerIntentionPaiement - Démarrage avec montant: 1.2
Montant en centimes: 120
Méthodes de paiement reçues: Array
(
    [0] => card
    [1] => link
    [2] => revolut_pay
)

Payment intent result: Array
(
    [success] => 1
    [client_secret] => pi_3RJGDyG7RjirpzdI1tibj7IV_secret_rhAXOsuHWMkqQPY4ZEozSp3FS
    [payment_intent_id] => pi_3RJGDyG7RjirpzdI1tibj7IV
)

2025-04-29 15:39:14 - Using Stripe key prefix: sk_live_51...
2025-04-29 15:39:15 - Using Stripe key prefix: sk_live_51...
2025-04-29 15:39:15 - Using Stripe key prefix: sk_live_51...
2025-04-29 15:39:15 - Payment intent creation attempt
POST data: Array
(
    [payment_methods] => Array
        (
            [0] => card
            [1] => link
            [2] => revolut_pay
        )

)

Panier: Array
(
    [produits] => Array
        (
            [0] => Array
                (
                    [id] => 27
                    [nom] => Montre Connectée Sport
                    [prix] => 1.00
                    [quantite] => 1
                    [total_produit] => 1
                    [image_url] => /public/images/composants.PNG
                )

        )

    [total] => 1
    [nombre_articles] => 1
    [pays_livraison] => France
    [frais_livraison] => 0
    [tva] => 0.2
    [methode_livraison] => domicile
    [point_relais_id] => 
    [point_relais_nom] => 
    [point_relais_adresse] => 
    [bureau_poste_id] => 
    [magasin_id] => 
    [instructions_livraison] => 
)

Payment methods: Array
(
    [0] => card
    [1] => link
    [2] => revolut_pay
)

2025-04-29 15:39:15 - Stripe::creerIntentionPaiement - Démarrage avec montant: 1.2
Montant en centimes: 120
Méthodes de paiement reçues: Array
(
    [0] => card
    [1] => link
    [2] => revolut_pay
)

Payment intent result: Array
(
    [success] => 1
    [client_secret] => pi_3RJGFcG7RjirpzdI1lXoxJru_secret_y4nnUCqx7SPauTtKskDBks3jK
    [payment_intent_id] => pi_3RJGFcG7RjirpzdI1lXoxJru
)

2025-04-29 15:39:20 - Using Stripe key prefix: sk_live_51...
2025-04-29 15:39:21 - Using Stripe key prefix: sk_live_51...
2025-04-29 15:39:21 - Using Stripe key prefix: sk_live_51...
2025-04-29 15:39:21 - Payment intent creation attempt
POST data: Array
(
    [payment_methods] => Array
        (
            [0] => card
            [1] => link
            [2] => revolut_pay
        )

)

Panier: Array
(
    [produits] => Array
        (
            [0] => Array
                (
                    [id] => 27
                    [nom] => Montre Connectée Sport
                    [prix] => 1.00
                    [quantite] => 1
                    [total_produit] => 1
                    [image_url] => /public/images/composants.PNG
                )

        )

    [total] => 1
    [nombre_articles] => 1
    [pays_livraison] => France
    [frais_livraison] => 0
    [tva] => 0.2
    [methode_livraison] => domicile
    [point_relais_id] => 
    [point_relais_nom] => 
    [point_relais_adresse] => 
    [bureau_poste_id] => 
    [magasin_id] => 
    [instructions_livraison] => 
)

Payment methods: Array
(
    [0] => card
    [1] => link
    [2] => revolut_pay
)

2025-04-29 15:39:21 - Stripe::creerIntentionPaiement - Démarrage avec montant: 1.2
Montant en centimes: 120
Méthodes de paiement reçues: Array
(
    [0] => card
    [1] => link
    [2] => revolut_pay
)

Payment intent result: Array
(
    [success] => 1
    [client_secret] => pi_3RJGFiG7RjirpzdI1I96J8EO_secret_bAuzGhocyq82StoF7zgGIFg8z
    [payment_intent_id] => pi_3RJGFiG7RjirpzdI1I96J8EO
)

2025-04-30 06:19:08 - Using Stripe key prefix: sk_live_51...
2025-04-30 06:19:11 - Using Stripe key prefix: sk_live_51...
2025-04-30 06:19:12 - Using Stripe key prefix: sk_live_51...
2025-04-30 06:19:12 - Payment intent creation attempt
POST data: Array
(
    [payment_methods] => Array
        (
            [0] => card
            [1] => link
            [2] => revolut_pay
        )

)

Panier: Array
(
    [produits] => Array
        (
            [0] => Array
                (
                    [id] => 27
                    [nom] => Montre Connectée Sport
                    [prix] => 1.00
                    [quantite] => 1
                    [total_produit] => 1
                    [image_url] => /public/images/composants.PNG
                )

            [1] => Array
                (
                    [id] => 21
                    [nom] => Laptop Gaming Pro
                    [prix] => 1299.00
                    [quantite] => 1
                    [total_produit] => 1299
                    [image_url] => /public/images/pc.PNG
                )

        )

    [total] => 1300
    [nombre_articles] => 2
    [pays_livraison] => France
    [frais_livraison] => 0
    [tva] => 260
    [methode_livraison] => domicile
    [point_relais_id] => 
    [point_relais_nom] => 
    [point_relais_adresse] => 
    [bureau_poste_id] => 
    [magasin_id] => 
    [instructions_livraison] => 
)

Payment methods: Array
(
    [0] => card
    [1] => link
    [2] => revolut_pay
)

2025-04-30 06:19:12 - Stripe::creerIntentionPaiement - Démarrage avec montant: 1560
Montant en centimes: 156000
Méthodes de paiement reçues: Array
(
    [0] => card
    [1] => link
    [2] => revolut_pay
)

Payment intent result: Array
(
    [success] => 1
    [client_secret] => pi_3RJTzBG7RjirpzdI0BSnhChB_secret_ck19wHg3Q1SXv7ScgLhSD8a4V
    [payment_intent_id] => pi_3RJTzBG7RjirpzdI0BSnhChB
)

2025-04-30 06:31:18 - Using Stripe key prefix: sk_live_51...
2025-04-30 06:31:19 - Using Stripe key prefix: sk_live_51...
2025-04-30 06:36:28 - Using Stripe key prefix: sk_live_51...
2025-04-30 06:36:29 - Using Stripe key prefix: sk_live_51...
2025-04-30 06:36:29 - Using Stripe key prefix: sk_live_51...
2025-04-30 06:36:29 - Payment intent creation attempt
POST data: Array
(
    [payment_methods] => Array
        (
            [0] => card
            [1] => link
            [2] => revolut_pay
        )

)

Panier: Array
(
    [produits] => Array
        (
            [0] => Array
                (
                    [id] => 27
                    [nom] => Montre Connectée Sport
                    [prix] => 1.00
                    [quantite] => 1
                    [total_produit] => 1
                    [image_url] => /public/images/composants.PNG
                )

        )

    [total] => 1
    [nombre_articles] => 1
    [pays_livraison] => France
    [frais_livraison] => 0
    [tva] => 0.2
    [methode_livraison] => domicile
    [point_relais_id] => 
    [point_relais_nom] => 
    [point_relais_adresse] => 
    [bureau_poste_id] => 
    [magasin_id] => 
    [instructions_livraison] => 
)

Payment methods: Array
(
    [0] => card
    [1] => link
    [2] => revolut_pay
)

2025-04-30 06:36:29 - Stripe::creerIntentionPaiement - Démarrage avec montant: 1.2
Montant en centimes: 120
Méthodes de paiement reçues: Array
(
    [0] => card
    [1] => link
    [2] => revolut_pay
)

Payment intent result: Array
(
    [success] => 1
    [client_secret] => pi_3RJUFuG7RjirpzdI1cT4l9xJ_secret_eYcH31vUHMo1MLoAseO1MWGoY
    [payment_intent_id] => pi_3RJUFuG7RjirpzdI1cT4l9xJ
)

2025-04-30 06:36:45 - Using Stripe key prefix: sk_live_51...
2025-04-30 06:36:46 - Using Stripe key prefix: sk_live_51...
2025-04-30 06:36:46 - Using Stripe key prefix: sk_live_51...
2025-04-30 06:36:46 - Payment intent creation attempt
POST data: Array
(
    [payment_methods] => Array
        (
            [0] => card
            [1] => link
            [2] => revolut_pay
        )

)

Panier: Array
(
    [produits] => Array
        (
            [0] => Array
                (
                    [id] => 27
                    [nom] => Montre Connectée Sport
                    [prix] => 1.00
                    [quantite] => 1
                    [total_produit] => 1
                    [image_url] => /public/images/composants.PNG
                )

        )

    [total] => 1
    [nombre_articles] => 1
    [pays_livraison] => France
    [frais_livraison] => 0
    [tva] => 0.2
    [methode_livraison] => domicile
    [point_relais_id] => 
    [point_relais_nom] => 
    [point_relais_adresse] => 
    [bureau_poste_id] => 
    [magasin_id] => 
    [instructions_livraison] => 
)

Payment methods: Array
(
    [0] => card
    [1] => link
    [2] => revolut_pay
)

2025-04-30 06:36:46 - Stripe::creerIntentionPaiement - Démarrage avec montant: 1.2
Montant en centimes: 120
Méthodes de paiement reçues: Array
(
    [0] => card
    [1] => link
    [2] => revolut_pay
)

Payment intent result: Array
(
    [success] => 1
    [client_secret] => pi_3RJUGBG7RjirpzdI1TG5VWo2_secret_DZU3WqCPuVxVaqQ4DWKuq9VfV
    [payment_intent_id] => pi_3RJUGBG7RjirpzdI1TG5VWo2
)

2025-04-30 06:45:26 - Using Stripe key prefix: sk_live_51...
2025-04-30 06:45:26 - Using Stripe key prefix: sk_live_51...
2025-04-30 06:45:27 - Using Stripe key prefix: sk_live_51...
2025-04-30 06:45:27 - Payment intent creation attempt
POST data: Array
(
    [payment_methods] => Array
        (
            [0] => card
            [1] => link
            [2] => revolut_pay
        )

)

Panier: Array
(
    [produits] => Array
        (
            [0] => Array
                (
                    [id] => 27
                    [nom] => Montre Connectée Sport
                    [prix] => 1.00
                    [quantite] => 1
                    [total_produit] => 1
                    [image_url] => /public/images/composants.PNG
                )

        )

    [total] => 1
    [nombre_articles] => 1
    [pays_livraison] => France
    [frais_livraison] => 0
    [tva] => 0.2
    [methode_livraison] => domicile
    [point_relais_id] => 
    [point_relais_nom] => 
    [point_relais_adresse] => 
    [bureau_poste_id] => 
    [magasin_id] => 
    [instructions_livraison] => 
)

Payment methods: Array
(
    [0] => card
    [1] => link
    [2] => revolut_pay
)

2025-04-30 06:45:27 - Stripe::creerIntentionPaiement - Démarrage avec montant: 1.2
Montant en centimes: 120
Méthodes de paiement reçues: Array
(
    [0] => card
    [1] => link
    [2] => revolut_pay
)

Payment intent result: Array
(
    [success] => 1
    [client_secret] => pi_3RJUOaG7RjirpzdI0k5KPY2X_secret_zz1nQSNu2wIkE5FvI3tRg8EQh
    [payment_intent_id] => pi_3RJUOaG7RjirpzdI0k5KPY2X
)

2025-04-30 06:45:33 - Using Stripe key prefix: sk_live_51...
2025-04-30 06:45:34 - Using Stripe key prefix: sk_live_51...
2025-04-30 06:45:35 - Using Stripe key prefix: sk_live_51...
2025-04-30 06:45:35 - Payment intent creation attempt
POST data: Array
(
    [payment_methods] => Array
        (
            [0] => card
            [1] => link
            [2] => revolut_pay
        )

)

Panier: Array
(
    [produits] => Array
        (
            [0] => Array
                (
                    [id] => 27
                    [nom] => Montre Connectée Sport
                    [prix] => 1.00
                    [quantite] => 1
                    [total_produit] => 1
                    [image_url] => /public/images/composants.PNG
                )

        )

    [total] => 1
    [nombre_articles] => 1
    [pays_livraison] => France
    [frais_livraison] => 0
    [tva] => 0.2
    [methode_livraison] => domicile
    [point_relais_id] => 
    [point_relais_nom] => 
    [point_relais_adresse] => 
    [bureau_poste_id] => 
    [magasin_id] => 
    [instructions_livraison] => 
)

Payment methods: Array
(
    [0] => card
    [1] => link
    [2] => revolut_pay
)

2025-04-30 06:45:35 - Stripe::creerIntentionPaiement - Démarrage avec montant: 1.2
Montant en centimes: 120
Méthodes de paiement reçues: Array
(
    [0] => card
    [1] => link
    [2] => revolut_pay
)

Payment intent result: Array
(
    [success] => 1
    [client_secret] => pi_3RJUOhG7RjirpzdI1WAEmfCH_secret_9TRbNKoN20oZqHulcXyeHrPlh
    [payment_intent_id] => pi_3RJUOhG7RjirpzdI1WAEmfCH
)

2025-04-30 07:08:11 - Using Stripe key prefix: sk_live_51...
2025-04-30 07:08:13 - Using Stripe key prefix: sk_live_51...
2025-04-30 07:08:13 - Using Stripe key prefix: sk_live_51...
2025-04-30 07:09:23 - Using Stripe key prefix: sk_live_51...
2025-04-30 07:09:23 - Using Stripe key prefix: sk_live_51...
2025-04-30 07:09:23 - Using Stripe key prefix: sk_live_51...
2025-04-30 07:09:30 - Using Stripe key prefix: sk_live_51...
2025-04-30 07:10:06 - Using Stripe key prefix: sk_live_51...
2025-04-30 07:10:10 - Using Stripe key prefix: sk_live_51...
2025-04-30 07:11:19 - Using Stripe key prefix: sk_live_51...
2025-04-30 07:11:20 - Using Stripe key prefix: sk_live_51...
2025-04-30 07:11:20 - Using Stripe key prefix: sk_live_51...
2025-04-30 07:11:23 - Using Stripe key prefix: sk_live_51...
2025-04-30 07:11:39 - Using Stripe key prefix: sk_live_51...
2025-04-30 07:11:51 - Using Stripe key prefix: sk_live_51...
2025-04-30 07:13:04 - Using Stripe key prefix: sk_live_51...
2025-04-30 07:13:06 - Using Stripe key prefix: sk_live_51...
2025-04-30 07:13:06 - Using Stripe key prefix: sk_live_51...
2025-04-30 07:13:19 - Using Stripe key prefix: sk_live_51...
2025-04-30 07:13:20 - Using Stripe key prefix: sk_live_51...
2025-04-30 07:13:20 - Using Stripe key prefix: sk_live_51...
2025-04-30 07:18:55 - Using Stripe key prefix: sk_live_51...
2025-04-30 07:18:56 - Using Stripe key prefix: sk_live_51...
2025-04-30 07:19:01 - Using Stripe key prefix: sk_live_51...
2025-04-30 07:19:01 - Payment intent creation attempt
POST data: Array
(
    [payment_methods] => Array
        (
            [0] => card
            [1] => link
            [2] => revolut_pay
        )

)

Panier: Array
(
    [produits] => Array
        (
            [0] => Array
                (
                    [id] => 27
                    [nom] => Montre Connectée Sport
                    [prix] => 0.00
                    [quantite] => 1
                    [total_produit] => 0
                    [image_url] => /public/images/composants.PNG
                )

        )

    [total] => 0
    [nombre_articles] => 1
    [pays_livraison] => France
    [frais_livraison] => 0
    [tva] => 0
    [methode_livraison] => domicile
    [point_relais_id] => 
    [point_relais_nom] => 
    [point_relais_adresse] => 
    [bureau_poste_id] => 
    [magasin_id] => 
    [instructions_livraison] => 
    [adresse_livraison] => Tom Rizzi
4 Lotissement Les Bastides Du Colombier, Orgon
13660 Orgon
    [adresse_facturation] => Tom Rizzi
4 Lotissement Les Bastides Du Colombier, Orgon
13660 Orgon
    [nom_client] => Rizzi
    [prenom_client] => Tom
    [email_client] => rizzitom60@gmail.com
    [telephone_client] => 0770026528
)

Invalid cart total: 0
2025-04-30 07:19:38 - Using Stripe key prefix: sk_live_51...
2025-04-30 07:19:38 - Using Stripe key prefix: sk_live_51...
2025-04-30 07:19:39 - Using Stripe key prefix: sk_live_51...
2025-04-30 07:19:39 - Payment intent creation attempt
POST data: Array
(
    [payment_methods] => Array
        (
            [0] => card
            [1] => link
            [2] => revolut_pay
        )

)

Panier: Array
(
    [produits] => Array
        (
            [0] => Array
                (
                    [id] => 27
                    [nom] => Montre Connectée Sport
                    [prix] => 0.00
                    [quantite] => 1
                    [total_produit] => 0
                    [image_url] => /public/images/composants.PNG
                )

        )

    [total] => 0
    [nombre_articles] => 1
    [pays_livraison] => France
    [frais_livraison] => 0
    [tva] => 0
    [methode_livraison] => domicile
    [point_relais_id] => 
    [point_relais_nom] => 
    [point_relais_adresse] => 
    [bureau_poste_id] => 
    [magasin_id] => 
    [instructions_livraison] => 
    [adresse_livraison] => Tom Rizzi
4 Lotissement Les Bastides Du Colombier, Orgon
13660 Orgon
    [adresse_facturation] => Tom Rizzi
4 Lotissement Les Bastides Du Colombier, Orgon
13660 Orgon
    [nom_client] => Rizzi
    [prenom_client] => Tom
    [email_client] => rizzitom60@gmail.com
    [telephone_client] => 0770026528
)

Invalid cart total: 0
2025-04-30 07:19:41 - Using Stripe key prefix: sk_live_51...
2025-04-30 07:19:41 - Using Stripe key prefix: sk_live_51...
2025-04-30 07:19:42 - Using Stripe key prefix: sk_live_51...
2025-04-30 07:19:42 - Payment intent creation attempt
POST data: Array
(
    [payment_methods] => Array
        (
            [0] => card
            [1] => link
            [2] => revolut_pay
        )

)

Panier: Array
(
    [produits] => Array
        (
            [0] => Array
                (
                    [id] => 27
                    [nom] => Montre Connectée Sport
                    [prix] => 0.00
                    [quantite] => 1
                    [total_produit] => 0
                    [image_url] => /public/images/composants.PNG
                )

        )

    [total] => 0
    [nombre_articles] => 1
    [pays_livraison] => France
    [frais_livraison] => 0
    [tva] => 0
    [methode_livraison] => domicile
    [point_relais_id] => 
    [point_relais_nom] => 
    [point_relais_adresse] => 
    [bureau_poste_id] => 
    [magasin_id] => 
    [instructions_livraison] => 
    [adresse_livraison] => Tom Rizzi
4 Lotissement Les Bastides Du Colombier, Orgon
13660 Orgon
    [adresse_facturation] => Tom Rizzi
4 Lotissement Les Bastides Du Colombier, Orgon
13660 Orgon
    [nom_client] => Rizzi
    [prenom_client] => Tom
    [email_client] => rizzitom60@gmail.com
    [telephone_client] => 0770026528
)

Invalid cart total: 0
2025-04-30 07:19:43 - Using Stripe key prefix: sk_live_51...
2025-04-30 07:19:43 - Payment intent creation attempt
POST data: Array
(
    [payment_methods] => Array
        (
            [0] => card
            [1] => link
            [2] => revolut_pay
        )

)

Panier: Array
(
    [produits] => Array
        (
            [0] => Array
                (
                    [id] => 27
                    [nom] => Montre Connectée Sport
                    [prix] => 0.00
                    [quantite] => 1
                    [total_produit] => 0
                    [image_url] => /public/images/composants.PNG
                )

        )

    [total] => 0
    [nombre_articles] => 1
    [pays_livraison] => France
    [frais_livraison] => 0
    [tva] => 0
    [methode_livraison] => domicile
    [point_relais_id] => 
    [point_relais_nom] => 
    [point_relais_adresse] => 
    [bureau_poste_id] => 
    [magasin_id] => 
    [instructions_livraison] => 
    [adresse_livraison] => Tom Rizzi
4 Lotissement Les Bastides Du Colombier, Orgon
13660 Orgon
    [adresse_facturation] => Tom Rizzi
4 Lotissement Les Bastides Du Colombier, Orgon
13660 Orgon
    [nom_client] => Rizzi
    [prenom_client] => Tom
    [email_client] => rizzitom60@gmail.com
    [telephone_client] => 0770026528
)

Invalid cart total: 0
2025-04-30 07:20:27 - Using Stripe key prefix: sk_live_51...
2025-04-30 07:20:28 - Using Stripe key prefix: sk_live_51...
2025-04-30 07:20:28 - Using Stripe key prefix: sk_live_51...
2025-04-30 07:20:28 - Payment intent creation attempt
POST data: Array
(
    [payment_methods] => Array
        (
            [0] => card
            [1] => link
            [2] => revolut_pay
        )

)

Panier: Array
(
    [produits] => Array
        (
            [0] => Array
                (
                    [id] => 27
                    [nom] => Montre Connectée Sport
                    [prix] => 0.00
                    [quantite] => 1
                    [total_produit] => 0
                    [image_url] => /public/images/composants.PNG
                )

        )

    [total] => 0
    [nombre_articles] => 1
    [pays_livraison] => France
    [frais_livraison] => 0
    [tva] => 0
    [methode_livraison] => domicile
    [point_relais_id] => 
    [point_relais_nom] => 
    [point_relais_adresse] => 
    [bureau_poste_id] => 
    [magasin_id] => 
    [instructions_livraison] => 
    [adresse_livraison] => Tom Rizzi
4 Lotissement Les Bastides Du Colombier, Orgon
13660 Orgon
    [adresse_facturation] => Tom Rizzi
4 Lotissement Les Bastides Du Colombier, Orgon
13660 Orgon
    [nom_client] => Rizzi
    [prenom_client] => Tom
    [email_client] => rizzitom60@gmail.com
    [telephone_client] => 0770026528
)

Invalid cart total: 0
2025-04-30 07:22:30 - Using Stripe key prefix: sk_live_51...
2025-04-30 07:22:34 - Using Stripe key prefix: sk_live_51...
2025-04-30 07:22:34 - Using Stripe key prefix: sk_live_51...
2025-04-30 07:22:34 - Payment intent creation attempt
POST data: Array
(
    [payment_methods] => Array
        (
            [0] => card
            [1] => link
            [2] => revolut_pay
        )

)

Panier: Array
(
    [produits] => Array
        (
            [0] => Array
                (
                    [id] => 1
                    [nom] => Ordinateur Portable Pro
                    [prix] => 999.99
                    [quantite] => 1
                    [total_produit] => 999.99
                    [image_url] => /public/images/pcportables.PNG
                )

        )

    [total] => 999.99
    [nombre_articles] => 1
    [pays_livraison] => France
    [frais_livraison] => 0
    [tva] => 199.998
    [methode_livraison] => domicile
    [point_relais_id] => 
    [point_relais_nom] => 
    [point_relais_adresse] => 
    [bureau_poste_id] => 
    [magasin_id] => 
    [instructions_livraison] => 
    [adresse_livraison] => Tom Rizzi
4 Lotissement Les Bastides Du Colombier, Orgon
13660 Orgon
    [adresse_facturation] => Tom Rizzi
4 Lotissement Les Bastides Du Colombier, Orgon
13660 Orgon
    [nom_client] => Rizzi
    [prenom_client] => Tom
    [email_client] => rizzitom60@gmail.com
    [telephone_client] => 0770026528
)

Payment methods: Array
(
    [0] => card
    [1] => link
    [2] => revolut_pay
)

2025-04-30 07:22:34 - Stripe::creerIntentionPaiement - Démarrage avec montant: 1199.988
Montant en centimes: 119998
Méthodes de paiement reçues: Array
(
    [0] => card
    [1] => link
    [2] => revolut_pay
)

Payment intent result: Array
(
    [success] => 1
    [client_secret] => pi_3RJUyVG7RjirpzdI1jbgx0e9_secret_d6r0WWpKzNqbZVYOaZM3dtchM
    [payment_intent_id] => pi_3RJUyVG7RjirpzdI1jbgx0e9
)

2025-04-30 07:22:41 - Using Stripe key prefix: sk_live_51...
2025-04-30 07:22:42 - Using Stripe key prefix: sk_live_51...
2025-04-30 07:22:42 - Using Stripe key prefix: sk_live_51...
2025-04-30 07:22:42 - Payment intent creation attempt
POST data: Array
(
    [payment_methods] => Array
        (
            [0] => card
            [1] => link
            [2] => revolut_pay
        )

)

Panier: Array
(
    [produits] => Array
        (
            [0] => Array
                (
                    [id] => 1
                    [nom] => Ordinateur Portable Pro
                    [prix] => 999.99
                    [quantite] => 1
                    [total_produit] => 999.99
                    [image_url] => /public/images/pcportables.PNG
                )

        )

    [total] => 999.99
    [nombre_articles] => 1
    [pays_livraison] => France
    [frais_livraison] => 0
    [tva] => 199.998
    [methode_livraison] => domicile
    [point_relais_id] => 
    [point_relais_nom] => 
    [point_relais_adresse] => 
    [bureau_poste_id] => 
    [magasin_id] => 
    [instructions_livraison] => 
    [adresse_livraison] => Tom Rizzi
4 Lotissement Les Bastides Du Colombier, Orgon
13660 Orgon
    [adresse_facturation] => Tom Rizzi
4 Lotissement Les Bastides Du Colombier, Orgon
13660 Orgon
    [nom_client] => Rizzi
    [prenom_client] => Tom
    [email_client] => rizzitom60@gmail.com
    [telephone_client] => 0770026528
)

Payment methods: Array
(
    [0] => card
    [1] => link
    [2] => revolut_pay
)

2025-04-30 07:22:42 - Stripe::creerIntentionPaiement - Démarrage avec montant: 1199.988
Montant en centimes: 119998
Méthodes de paiement reçues: Array
(
    [0] => card
    [1] => link
    [2] => revolut_pay
)

Payment intent result: Array
(
    [success] => 1
    [client_secret] => pi_3RJUyeG7RjirpzdI0gsx5Yjv_secret_NZKqAooVxByJJyE0PYujsybCB
    [payment_intent_id] => pi_3RJUyeG7RjirpzdI0gsx5Yjv
)

2025-04-30 07:30:08 - Using Stripe key prefix: sk_live_51...
2025-04-30 07:30:09 - Using Stripe key prefix: sk_live_51...
2025-04-30 07:30:10 - Using Stripe key prefix: sk_live_51...
2025-04-30 07:30:10 - Payment intent creation attempt
POST data: Array
(
    [payment_methods] => Array
        (
            [0] => card
            [1] => link
            [2] => revolut_pay
        )

)

Panier: Array
(
    [produits] => Array
        (
            [0] => Array
                (
                    [id] => 1
                    [nom] => Ordinateur Portable Pro
                    [prix] => 999.99
                    [quantite] => 1
                    [total_produit] => 999.99
                    [image_url] => /public/images/pcportables.PNG
                )

        )

    [total] => 999.99
    [nombre_articles] => 1
    [pays_livraison] => France
    [frais_livraison] => 0
    [tva] => 199.998
    [methode_livraison] => domicile
    [point_relais_id] => 
    [point_relais_nom] => 
    [point_relais_adresse] => 
    [bureau_poste_id] => 
    [magasin_id] => 
    [instructions_livraison] => 
    [adresse_livraison] => Tom Rizzi
4 Lotissement Les Bastides Du Colombier, Orgon
13660 Orgon
    [adresse_facturation] => Tom Rizzi
4 Lotissement Les Bastides Du Colombier, Orgon
13660 Orgon
    [nom_client] => Rizzi
    [prenom_client] => Tom
    [email_client] => rizzitom60@gmail.com
    [telephone_client] => 0770026528
)

Payment methods: Array
(
    [0] => card
    [1] => link
    [2] => revolut_pay
)

2025-04-30 07:30:10 - Stripe::creerIntentionPaiement - Démarrage avec montant: 1199.988
Montant en centimes: 119998
Méthodes de paiement reçues: Array
(
    [0] => card
    [1] => link
    [2] => revolut_pay
)

Payment intent result: Array
(
    [success] => 1
    [client_secret] => pi_3RJV5rG7RjirpzdI1928nD11_secret_sckX9BiZnXf23lalv7l4FD6ge
    [payment_intent_id] => pi_3RJV5rG7RjirpzdI1928nD11
)

2025-04-30 07:40:03 - Using Stripe key prefix: sk_live_51...
2025-04-30 07:40:04 - Using Stripe key prefix: sk_live_51...
2025-04-30 07:40:04 - Using Stripe key prefix: sk_live_51...
2025-04-30 07:40:04 - Payment intent creation attempt
POST data: Array
(
    [payment_methods] => Array
        (
            [0] => card
            [1] => link
            [2] => revolut_pay
        )

)

Panier: Array
(
    [produits] => Array
        (
            [0] => Array
                (
                    [id] => 1
                    [nom] => Ordinateur Portable Pro
                    [prix] => 999.99
                    [quantite] => 1
                    [total_produit] => 999.99
                    [image_url] => /public/images/pcportables.PNG
                )

        )

    [total] => 999.99
    [nombre_articles] => 1
    [pays_livraison] => France
    [frais_livraison] => 0
    [tva] => 199.998
    [methode_livraison] => domicile
    [point_relais_id] => 
    [point_relais_nom] => 
    [point_relais_adresse] => 
    [bureau_poste_id] => 
    [magasin_id] => 
    [instructions_livraison] => 
    [adresse_livraison] => Tom Rizzi
4 Lotissement Les Bastides Du Colombier, Orgon
13660 Orgon
    [adresse_facturation] => Tom Rizzi
4 Lotissement Les Bastides Du Colombier, Orgon
13660 Orgon
    [nom_client] => Rizzi
    [prenom_client] => Tom
    [email_client] => rizzitom60@gmail.com
    [telephone_client] => 0770026528
)

Payment methods: Array
(
    [0] => card
    [1] => link
    [2] => revolut_pay
)

2025-04-30 07:40:04 - Stripe::creerIntentionPaiement - Démarrage avec montant: 1199.988
Montant en centimes: 119998
Méthodes de paiement reçues: Array
(
    [0] => card
    [1] => link
    [2] => revolut_pay
)

Payment intent result: Array
(
    [success] => 1
    [client_secret] => pi_3RJVFRG7RjirpzdI12M66Mzx_secret_MEY47PVy9xTfGLnfCZkxrYmt6
    [payment_intent_id] => pi_3RJVFRG7RjirpzdI12M66Mzx
)

2025-04-30 07:41:03 - Using Stripe key prefix: sk_live_51...
2025-04-30 07:41:04 - Using Stripe key prefix: sk_live_51...
2025-04-30 07:41:05 - Using Stripe key prefix: sk_live_51...
2025-04-30 07:41:05 - Payment intent creation attempt
POST data: Array
(
    [payment_methods] => Array
        (
            [0] => card
            [1] => link
            [2] => revolut_pay
        )

)

Panier: Array
(
    [produits] => Array
        (
            [0] => Array
                (
                    [id] => 1
                    [nom] => Ordinateur Portable Pro
                    [prix] => 999.99
                    [quantite] => 1
                    [total_produit] => 999.99
                    [image_url] => /public/images/pcportables.PNG
                )

        )

    [total] => 999.99
    [nombre_articles] => 1
    [pays_livraison] => France
    [frais_livraison] => 0
    [tva] => 199.998
    [methode_livraison] => domicile
    [point_relais_id] => 
    [point_relais_nom] => 
    [point_relais_adresse] => 
    [bureau_poste_id] => 
    [magasin_id] => 
    [instructions_livraison] => 
    [adresse_livraison] => Tom Rizzi
4 Lotissement Les Bastides Du Colombier, Orgon
13660 Orgon
    [adresse_facturation] => Tom Rizzi
4 Lotissement Les Bastides Du Colombier, Orgon
13660 Orgon
    [nom_client] => Rizzi
    [prenom_client] => Tom
    [email_client] => rizzitom60@gmail.com
    [telephone_client] => 0770026528
)

Payment methods: Array
(
    [0] => card
    [1] => link
    [2] => revolut_pay
)

2025-04-30 07:41:05 - Stripe::creerIntentionPaiement - Démarrage avec montant: 1199.988
Montant en centimes: 119998
Méthodes de paiement reçues: Array
(
    [0] => card
    [1] => link
    [2] => revolut_pay
)

Payment intent result: Array
(
    [success] => 1
    [client_secret] => pi_3RJVGPG7RjirpzdI021UjnTl_secret_otEwoL8Cpkkya3Zyx1lDeQGO7
    [payment_intent_id] => pi_3RJVGPG7RjirpzdI021UjnTl
)

2025-04-30 07:44:48 - Using Stripe key prefix: sk_live_51...
2025-04-30 07:44:49 - Using Stripe key prefix: sk_live_51...
2025-04-30 07:44:49 - Using Stripe key prefix: sk_live_51...
2025-04-30 07:44:49 - Payment intent creation attempt
POST data: Array
(
    [payment_methods] => Array
        (
            [0] => card
            [1] => link
            [2] => revolut_pay
        )

)

Panier: Array
(
    [produits] => Array
        (
            [0] => Array
                (
                    [id] => 1
                    [nom] => Ordinateur Portable Pro
                    [prix] => 999.99
                    [quantite] => 1
                    [total_produit] => 999.99
                    [image_url] => /public/images/pcportables.PNG
                )

        )

    [total] => 999.99
    [nombre_articles] => 1
    [pays_livraison] => France
    [frais_livraison] => 0
    [tva] => 199.998
    [methode_livraison] => domicile
    [point_relais_id] => 
    [point_relais_nom] => 
    [point_relais_adresse] => 
    [bureau_poste_id] => 
    [magasin_id] => 
    [instructions_livraison] => 
    [adresse_livraison] => Tom Rizzi
4 Lotissement Les Bastides Du Colombier, Orgon
13660 Orgon
    [adresse_facturation] => Tom Rizzi
4 Lotissement Les Bastides Du Colombier, Orgon
13660 Orgon
    [nom_client] => Rizzi
    [prenom_client] => Tom
    [email_client] => rizzitom60@gmail.com
    [telephone_client] => 0770026528
)

Payment methods: Array
(
    [0] => card
    [1] => link
    [2] => revolut_pay
)

2025-04-30 07:44:49 - Stripe::creerIntentionPaiement - Démarrage avec montant: 1199.988
Montant en centimes: 119998
Méthodes de paiement reçues: Array
(
    [0] => card
    [1] => link
    [2] => revolut_pay
)

Payment intent result: Array
(
    [success] => 1
    [client_secret] => pi_3RJVK2G7RjirpzdI1jLSCbFi_secret_4xWegmhPQWkOAOFz8qz6zjyIY
    [payment_intent_id] => pi_3RJVK2G7RjirpzdI1jLSCbFi
)

2025-04-30 07:47:11 - Using Stripe key prefix: sk_live_51...
2025-04-30 07:47:12 - Using Stripe key prefix: sk_live_51...
2025-04-30 07:47:12 - Using Stripe key prefix: sk_live_51...
2025-04-30 07:47:12 - Payment intent creation attempt
POST data: Array
(
    [payment_methods] => Array
        (
            [0] => card
            [1] => link
            [2] => revolut_pay
        )

)

Panier: Array
(
    [produits] => Array
        (
            [0] => Array
                (
                    [id] => 1
                    [nom] => Ordinateur Portable Pro
                    [prix] => 999.99
                    [quantite] => 1
                    [total_produit] => 999.99
                    [image_url] => /public/images/pcportables.PNG
                )

        )

    [total] => 999.99
    [nombre_articles] => 1
    [pays_livraison] => France
    [frais_livraison] => 0
    [tva] => 199.998
    [methode_livraison] => domicile
    [point_relais_id] => 
    [point_relais_nom] => 
    [point_relais_adresse] => 
    [bureau_poste_id] => 
    [magasin_id] => 
    [instructions_livraison] => 
    [adresse_livraison] => Tom Rizzi
4 Lotissement Les Bastides Du Colombier, Orgon
13660 Orgon
    [adresse_facturation] => Tom Rizzi
4 Lotissement Les Bastides Du Colombier, Orgon
13660 Orgon
    [nom_client] => Rizzi
    [prenom_client] => Tom
    [email_client] => rizzitom60@gmail.com
    [telephone_client] => 0770026528
)

Payment methods: Array
(
    [0] => card
    [1] => link
    [2] => revolut_pay
)

2025-04-30 07:47:12 - Stripe::creerIntentionPaiement - Démarrage avec montant: 1199.988
Montant en centimes: 119998
Méthodes de paiement reçues: Array
(
    [0] => card
    [1] => link
    [2] => revolut_pay
)

Payment intent result: Array
(
    [success] => 1
    [client_secret] => pi_3RJVMLG7RjirpzdI1ZCYvzXJ_secret_eiZ8YiqGUEAtCYTrnjtU4htP6
    [payment_intent_id] => pi_3RJVMLG7RjirpzdI1ZCYvzXJ
)

2025-04-30 08:20:29 - Using Stripe key prefix: sk_live_51...
2025-04-30 08:20:42 - Using Stripe key prefix: sk_live_51...
2025-04-30 08:26:16 - Using Stripe key prefix: sk_live_51...
2025-04-30 08:26:17 - Using Stripe key prefix: sk_live_51...
2025-04-30 08:26:18 - Using Stripe key prefix: sk_live_51...
2025-04-30 08:26:18 - Payment intent creation attempt
POST data: Array
(
    [payment_methods] => Array
        (
            [0] => card
            [1] => link
            [2] => revolut_pay
        )

)

Panier: Array
(
    [produits] => Array
        (
            [0] => Array
                (
                    [id] => 27
                    [nom] => Montre Connectée Sport
                    [prix] => 0.50
                    [quantite] => 1
                    [total_produit] => 0.5
                    [image_url] => /public/images/composants.PNG
                )

        )

    [total] => 0.5
    [nombre_articles] => 1
    [pays_livraison] => France
    [frais_livraison] => 0
    [tva] => 0.1
    [methode_livraison] => domicile
    [point_relais_id] => 
    [point_relais_nom] => 
    [point_relais_adresse] => 
    [bureau_poste_id] => 
    [magasin_id] => 
    [instructions_livraison] => 
    [adresse_livraison] => 
    [adresse_facturation] => 
    [nom_client] => 
    [prenom_client] => 
    [email_client] => 
    [telephone_client] => 
)

Payment methods: Array
(
    [0] => card
    [1] => link
    [2] => revolut_pay
)

2025-04-30 08:26:18 - Stripe::creerIntentionPaiement - Démarrage avec montant: 0.6
Montant en centimes: 60
Méthodes de paiement reçues: Array
(
    [0] => card
    [1] => link
    [2] => revolut_pay
)

Payment intent result: Array
(
    [success] => 1
    [client_secret] => pi_3RJVyBG7RjirpzdI0Xx6hhF7_secret_1XdH843AUp4zPUb8pSBnbX6c4
    [payment_intent_id] => pi_3RJVyBG7RjirpzdI0Xx6hhF7
)

2025-04-30 08:35:28 - Using Stripe key prefix: sk_live_51...
2025-04-30 08:35:29 - Using Stripe key prefix: sk_live_51...
2025-04-30 08:35:31 - Using Stripe key prefix: sk_live_51...
2025-04-30 08:35:31 - Payment intent creation attempt
POST data: Array
(
    [payment_methods] => Array
        (
            [0] => card
            [1] => link
            [2] => revolut_pay
        )

)

Panier: Array
(
    [produits] => Array
        (
        )

    [total] => 0
    [nombre_articles] => 0
    [pays_livraison] => France
    [frais_livraison] => 0
    [tva] => 0
    [methode_livraison] => domicile
    [point_relais_id] => 
    [point_relais_nom] => 
    [point_relais_adresse] => 
    [bureau_poste_id] => 
    [magasin_id] => 
    [instructions_livraison] => 
    [adresse_livraison] => 
    [adresse_facturation] => 
    [nom_client] => 
    [prenom_client] => 
    [email_client] => 
    [telephone_client] => 
)

Invalid cart total: 0
2025-06-11 14:03:31 - Using Stripe key prefix: sk_test_51...
2025-06-11 14:03:32 - Using Stripe key prefix: sk_test_51...
2025-06-12 11:42:47 - Using Stripe key prefix: sk_test_51...
2025-06-12 11:42:48 - Using Stripe key prefix: sk_test_51...
2025-06-12 14:50:12 - Using Stripe key prefix: sk_test_51...
2025-06-12 14:50:13 - Using Stripe key prefix: sk_test_51...
